// Jest Snapshot v1, https://goo.gl/fbAQLP

exports[`When Single Product has rendered Expect render successfully 1`] = `
<div
  class="grid grid-cols-12 gap-2 px-[1.5rem]"
  data-testid="RSingleProduct"
>
  <div
    class="col-span-12 lg:col-span-5 flex justify-center items-center"
  >
    <img
      alt="Computer"
      data-nimg="1"
      decoding="async"
      height="500"
      loading="lazy"
      src="/_next/image?url=%2Fassert%2Fdemo-product.jpg&w=750&q=75"
      srcset="/_next/image?url=%2Fassert%2Fdemo-product.jpg&w=384&q=75 1x, /_next/image?url=%2Fassert%2Fdemo-product.jpg&w=750&q=75 2x"
      style="color: transparent; background-size: cover; background-position: 50% 50%; background-repeat: no-repeat;"
      width="350"
    />
  </div>
  <div
    class="col-span-12 lg:col-span-7 flex  justify-center items-center"
  >
    <div
      class="space-y-3  text-center lg:text-left"
    >
      <p
        class="text-sm font-semibold"
      >
        Product ID: 
        1
      </p>
      <p
        class="text-xl font-extrabold font-[#7F4D4F]"
      >
        Name: 
        Computer
      </p>
      <p
        class="text-lg font-bold  "
      >
        Price: 
        50000
      </p>
      <p
        class="text-[1rem] font-light  "
      >
        Category: 
        Technology
      </p>
      <p
        class="text-[0.8rem] font-light  "
      >
        Description: 
        Lorem Ipsum is simply dummy text of the printing and typesetting industry. Lorem Ipsum has been the industry's standard dummy text ever since the 1500s, when an unknown printer took a galley of type and scrambled it to make a type specimen book. 
      </p>
      <div
        class="flex justify-center  lg:justify-start items-center lg:items-start"
      >
        <span
          class="cursor-pointer"
        >
          <span
            class="flex justify-center items-center  "
          >
            <span
              class="text-base md:text-base_2  flex justify-center items-center px-[1rem] py-[0.5rem] rounded-[0.563rem] w-[100%] h-[100%] bg-[#EDEDED] hover:bg-[#7A67EE]  duration-[0.5s] text-[#7A67EE] hover:text-[#EDEDED]   border-[0.063rem] hover:border-[#EDEDED] border-[#7A67EE]   "
            >
              <span>
                Add To Cart
              </span>
            </span>
          </span>
        </span>
      </div>
    </div>
  </div>
</div>
`;
