// Jest Snapshot v1, https://goo.gl/fbAQLP

exports[`When Product Section has rendered Expect render successfully 1`] = `
<div
  data-testid="SProductSection"
>
  <div
    class="flex justify-evenly items-start space-x-2 pl-[2rem]"
  >
    <div
      class="flex-[1_1_50%]"
    >
      <div
        class="search-container"
      >
        <input
          class="search-input"
          placeholder="Search..."
          type="text"
        />
        <svg
          class="search-icon"
          fill="currentColor"
          height="1em"
          stroke="currentColor"
          stroke-width="0"
          viewBox="0 0 24 24"
          width="1em"
          xmlns="http://www.w3.org/2000/svg"
        >
          <path
            d="M18.031 16.6168L22.3137 20.8995L20.8995 22.3137L16.6168 18.031C15.0769 19.263 13.124 20 11 20C6.032 20 2 15.968 2 11C2 6.032 6.032 2 11 2C15.968 2 20 6.032 20 11C20 13.124 19.263 15.0769 18.031 16.6168ZM16.0247 15.8748C17.2475 14.6146 18 12.8956 18 11C18 7.1325 14.8675 4 11 4C7.1325 4 4 7.1325 4 11C4 14.8675 7.1325 18 11 18C12.8956 18 14.6146 17.2475 15.8748 16.0247L16.0247 15.8748Z"
          />
        </svg>
      </div>
    </div>
  </div>
  <div
    class="grid grid-cols-12 gap-2  mt-[5rem] pl-[2rem] place-content-center"
  >
    <div
      class="col-span-12  md:col-span-6  lg:col-span-4"
    >
      <div
        class="max-h-[33rem] w-[18.75rem] text-center "
        data-testid="SProductCard"
      >
        <div
          class="rounded-sm flex justify-center items-center"
        >
          <img
            alt="Computer"
            data-nimg="1"
            decoding="async"
            fetchpriority="high"
            height="350"
            src="/_next/image?url=%2Fassert%2Fdemo-product.jpg&w=640&q=75"
            srcset="/_next/image?url=%2Fassert%2Fdemo-product.jpg&w=384&q=75 1x, /_next/image?url=%2Fassert%2Fdemo-product.jpg&w=640&q=75 2x"
            style="color: transparent; background-size: cover; background-position: 50% 50%; background-repeat: no-repeat;"
            width="300"
          />
        </div>
        <div
          class="h-[11.125rem] "
        >
          <p
            class="text-[#777777] font-bold text-lg"
          >
            Computer
          </p>
          <p
            class="text-[#79494B] font-bold text-[1rem] line-clamp-4"
          >
            50000
            $
          </p>
          <p
            class="text-[#777777] font-bold text-sm line-clamp-2 mb-4"
          >
            Lorem Ipsum is simply dummy text of the printing and typesetting industry. Lorem Ipsum has been the industry's standard dummy text ever since the 1500s, when an unknown printer took a galley of type and scrambled it to make a type specimen book. 
          </p>
          <div
            class="flex justify-center items-center"
          >
            <a
              href="/dashboard/products/1"
              target="_self"
            >
              <span
                class="flex justify-center items-center  "
              >
                <span
                  class="text-base md:text-base_2  flex justify-center items-center px-[1rem] py-[0.5rem] rounded-[0.563rem] w-[100%] h-[100%] bg-[#EBF5EC] hover:bg-[#7F4D4F]  duration-[0.5s] text-[#7F4D4F] hover:text-[#EBF5EC]   border-[0.063rem] hover:border-[#EBF5EC] border-[#7F4D4F]   "
                >
                  <span>
                    View Details
                  </span>
                </span>
              </span>
            </a>
          </div>
        </div>
      </div>
    </div>
    <div
      class="col-span-12  md:col-span-6  lg:col-span-4"
    >
      <div
        class="max-h-[33rem] w-[18.75rem] text-center "
        data-testid="SProductCard"
      >
        <div
          class="rounded-sm flex justify-center items-center"
        >
          <img
            alt="Computer"
            data-nimg="1"
            decoding="async"
            fetchpriority="high"
            height="350"
            src="/_next/image?url=%2Fassert%2Fdemo-product.jpg&w=640&q=75"
            srcset="/_next/image?url=%2Fassert%2Fdemo-product.jpg&w=384&q=75 1x, /_next/image?url=%2Fassert%2Fdemo-product.jpg&w=640&q=75 2x"
            style="color: transparent; background-size: cover; background-position: 50% 50%; background-repeat: no-repeat;"
            width="300"
          />
        </div>
        <div
          class="h-[11.125rem] "
        >
          <p
            class="text-[#777777] font-bold text-lg"
          >
            Computer
          </p>
          <p
            class="text-[#79494B] font-bold text-[1rem] line-clamp-4"
          >
            50000
            $
          </p>
          <p
            class="text-[#777777] font-bold text-sm line-clamp-2 mb-4"
          >
            Lorem Ipsum is simply dummy text of the printing and typesetting industry. Lorem Ipsum has been the industry's standard dummy text ever since the 1500s, when an unknown printer took a galley of type and scrambled it to make a type specimen book. 
          </p>
          <div
            class="flex justify-center items-center"
          >
            <a
              href="/dashboard/products/2"
              target="_self"
            >
              <span
                class="flex justify-center items-center  "
              >
                <span
                  class="text-base md:text-base_2  flex justify-center items-center px-[1rem] py-[0.5rem] rounded-[0.563rem] w-[100%] h-[100%] bg-[#EBF5EC] hover:bg-[#7F4D4F]  duration-[0.5s] text-[#7F4D4F] hover:text-[#EBF5EC]   border-[0.063rem] hover:border-[#EBF5EC] border-[#7F4D4F]   "
                >
                  <span>
                    View Details
                  </span>
                </span>
              </span>
            </a>
          </div>
        </div>
      </div>
    </div>
    <div
      class="col-span-12  md:col-span-6  lg:col-span-4"
    >
      <div
        class="max-h-[33rem] w-[18.75rem] text-center "
        data-testid="SProductCard"
      >
        <div
          class="rounded-sm flex justify-center items-center"
        >
          <img
            alt="Computer"
            data-nimg="1"
            decoding="async"
            fetchpriority="high"
            height="350"
            src="/_next/image?url=%2Fassert%2Fdemo-product.jpg&w=640&q=75"
            srcset="/_next/image?url=%2Fassert%2Fdemo-product.jpg&w=384&q=75 1x, /_next/image?url=%2Fassert%2Fdemo-product.jpg&w=640&q=75 2x"
            style="color: transparent; background-size: cover; background-position: 50% 50%; background-repeat: no-repeat;"
            width="300"
          />
        </div>
        <div
          class="h-[11.125rem] "
        >
          <p
            class="text-[#777777] font-bold text-lg"
          >
            Computer
          </p>
          <p
            class="text-[#79494B] font-bold text-[1rem] line-clamp-4"
          >
            50000
            $
          </p>
          <p
            class="text-[#777777] font-bold text-sm line-clamp-2 mb-4"
          >
            Lorem Ipsum is simply dummy text of the printing and typesetting industry. Lorem Ipsum has been the industry's standard dummy text ever since the 1500s, when an unknown printer took a galley of type and scrambled it to make a type specimen book. 
          </p>
          <div
            class="flex justify-center items-center"
          >
            <a
              href="/dashboard/products/3"
              target="_self"
            >
              <span
                class="flex justify-center items-center  "
              >
                <span
                  class="text-base md:text-base_2  flex justify-center items-center px-[1rem] py-[0.5rem] rounded-[0.563rem] w-[100%] h-[100%] bg-[#EBF5EC] hover:bg-[#7F4D4F]  duration-[0.5s] text-[#7F4D4F] hover:text-[#EBF5EC]   border-[0.063rem] hover:border-[#EBF5EC] border-[#7F4D4F]   "
                >
                  <span>
                    View Details
                  </span>
                </span>
              </span>
            </a>
          </div>
        </div>
      </div>
    </div>
  </div>
  <div
    class="p-[2rem]"
  >
    <div
      class="flex space-x-2"
      data-testid="CPaginationTrack"
    >
      <div
        class="!bg-[#E0E3EA] duration-[0.2s] h-[2rem] w-[2rem]  bg-[#7F4D4F] hover:bg-[#E0E3EA] flex justify-center items-center"
      >
        <span
          class="cursor-pointer  !text-[#7F4D4F] duration-[0.2s]  text-white hover:text-[#7F4D4F]  font-bold text-lg"
        >
          1
        </span>
      </div>
      <div
        class="false duration-[0.2s] h-[2rem] w-[2rem]  bg-[#7F4D4F] hover:bg-[#E0E3EA] flex justify-center items-center"
      >
        <span
          class="cursor-pointer false duration-[0.2s]  text-white hover:text-[#7F4D4F]  font-bold text-lg"
        >
          2
        </span>
      </div>
      <div
        class="false duration-[0.2s] h-[2rem] w-[2rem]  bg-[#7F4D4F] hover:bg-[#E0E3EA] flex justify-center items-center"
      >
        <span
          class="cursor-pointer false duration-[0.2s]  text-white hover:text-[#7F4D4F]  font-bold text-lg"
        >
          3
        </span>
      </div>
      <div
        class="false duration-[0.2s] h-[2rem] w-[2rem]  bg-[#7F4D4F] hover:bg-[#E0E3EA] flex justify-center items-center"
      >
        <span
          class="cursor-pointer false duration-[0.2s]  text-white hover:text-[#7F4D4F]  font-bold text-lg"
        >
          4
        </span>
      </div>
    </div>
  </div>
</div>
`;
