// Jest Snapshot v1, https://goo.gl/fbAQLP

exports[`When Clone Form with submit rendered  Expect it should render successfully 1`] = `
<div
  class="flex justify-center items-center h-[80vh] bg-gray-100"
  data-testid="cLoginFormWithSubmit"
>
  <form
    class="bg-white p-8 rounded shadow-md"
  >
    <h2
      class="text-2xl font-semibold mb-4 text-center"
    >
      Login
    </h2>
    <div
      class="mb-4"
    >
      <label
        class="block text-gray-700"
        for="email"
      >
        Email:
      </label>
      <input
        class="w-full border rounded px-3 py-2 mt-1 focus:outline-none focus:ring focus:border-blue-300"
        id="email"
        name="email"
        required=""
        type="email"
        value=""
      />
    </div>
    <div
      class="mb-6"
    >
      <label
        class="block text-gray-700"
        for="password"
      >
        Password:
      </label>
      <input
        class="w-full border rounded px-3 py-2 mt-1 focus:outline-none focus:ring focus:border-blue-300"
        id="password"
        name="password"
        required=""
        type="password"
        value=""
      />
    </div>
    <span
      class="cursor-pointer"
    >
      <span
        class="flex justify-center items-center  "
      >
        <span
          class="text-base md:text-base_2  flex justify-center items-center px-[1rem] py-[0.5rem] rounded-[0.563rem] w-[100%] h-[100%] bg-[#EBF5EC] hover:bg-[#7F4D4F]  duration-[0.5s] text-[#7F4D4F] hover:text-[#EBF5EC]   border-[0.063rem] hover:border-[#EBF5EC] border-[#7F4D4F]   "
        >
          <span>
            Login
          </span>
        </span>
      </span>
    </span>
    <span
      class="text-bold "
    />
  </form>
</div>
`;
